RAM Allocation [bytes]
Variable                                                                          Address   Size
------------------------------------------------------------------------------------------------
_base_y                                                                           0x0260       4

EEPROM Allocation [bytes]
Variable                                                                          Address   Size
------------------------------------------------------------------------------------------------

Register Allocation
Variable                                                                          Register  Size
------------------------------------------------------------------------------------------------
_lcd_x                                                                            R5           1
_lcd_y                                                                            R4           1
_lcd_maxx                                                                         R7           1

FLASH Allocation [words]
Function                                                                          Address   Size
------------------------------------------------------------------------------------------------
read_adc                                                                          0x0006D     14
main                                                                              0x0007B     85
put_buff_G100                                                                     0x000D0     64
_print_G100                                                                       0x00110    308
sprintf                                                                           0x00244     52
_lcd_write_nibble_G101                                                            0x00278     20
_lcd_write_data                                                                   0x0028C     12
lcd_gotoxy                                                                        0x00298     13
lcd_clear                                                                         0x002A5     12
lcd_putchar                                                                       0x002B1     21
lcd_puts                                                                          0x002C6     15
lcd_putsf                                                                         0x002D5     19
lcd_init                                                                          0x002E8     46
strlen                                                                            0x00316     12
strlenf                                                                           0x00322     13
