RAM Allocation [bytes]
Variable                                                                          Address   Size
------------------------------------------------------------------------------------------------
_base_y                                                                           0x0260       4

EEPROM Allocation [bytes]
Variable                                                                          Address   Size
------------------------------------------------------------------------------------------------

Register Allocation
Variable                                                                          Register  Size
------------------------------------------------------------------------------------------------
_lcd_x                                                                            R5           1
_lcd_y                                                                            R4           1
_lcd_maxx                                                                         R7           1

FLASH Allocation [words]
Function                                                                          Address   Size
------------------------------------------------------------------------------------------------
read_adc                                                                          0x00070     13
main                                                                              0x0007D    130
_lcd_write_nibble_G100                                                            0x000FF     20
_lcd_write_data                                                                   0x00113     12
lcd_gotoxy                                                                        0x0011F     13
lcd_clear                                                                         0x0012C     12
lcd_putchar                                                                       0x00138     21
lcd_puts                                                                          0x0014D     15
lcd_putsf                                                                         0x0015C     19
lcd_init                                                                          0x0016F     45
put_buff_G101                                                                     0x0019C     64
_print_G101                                                                       0x001DC    308
sprintf                                                                           0x00310     52
strlen                                                                            0x00344     12
strlenf                                                                           0x00350     13
