RAM Allocation [bytes]
Variable                                                                          Address   Size
------------------------------------------------------------------------------------------------
Buffer_lcd                                                                        0x0260      16
_base_y                                                                           0x0270       4

EEPROM Allocation [bytes]
Variable                                                                          Address   Size
------------------------------------------------------------------------------------------------

Register Allocation
Variable                                                                          Register  Size
------------------------------------------------------------------------------------------------
_lcd_x                                                                            R5           1
_lcd_y                                                                            R4           1
_lcd_maxx                                                                         R7           1

FLASH Allocation [words]
Function                                                                          Address   Size
------------------------------------------------------------------------------------------------
read_adc                                                                          0x0006C     14
adc_init                                                                          0x0007A      7
mq135_init                                                                        0x00081     55
main                                                                              0x000B8     26
put_buff_G100                                                                     0x000D2     64
_print_G100                                                                       0x00112    308
sprintf                                                                           0x00246     52
_lcd_write_nibble_G101                                                            0x0027A     20
_lcd_write_data                                                                   0x0028E     12
lcd_gotoxy                                                                        0x0029A     13
lcd_clear                                                                         0x002A7     12
lcd_putchar                                                                       0x002B3     21
lcd_puts                                                                          0x002C8     15
lcd_putsf                                                                         0x002D7     19
lcd_init                                                                          0x002EA     46
strlen                                                                            0x00318     12
strlenf                                                                           0x00324     13
