RAM Allocation [bytes]
Variable                                                                          Address   Size
------------------------------------------------------------------------------------------------
tot_overflow                                                                      0x0260       2
remainder_time                                                                    0x0262       2

EEPROM Allocation [bytes]
Variable                                                                          Address   Size
------------------------------------------------------------------------------------------------

Register Allocation
Variable                                                                          Register  Size
------------------------------------------------------------------------------------------------

FLASH Allocation [words]
Function                                                                          Address   Size
------------------------------------------------------------------------------------------------
timer1_ovf_isr                                                                    0x00044     16
timer1_init                                                                       0x00054    123
main                                                                              0x000CF     36
