RAM Allocation [bytes]
Variable                                                                          Address   Size
------------------------------------------------------------------------------------------------
buffer                                                                            0x0260      20
_base_y                                                                           0x0274       4

EEPROM Allocation [bytes]
Variable                                                                          Address   Size
------------------------------------------------------------------------------------------------

Register Allocation
Variable                                                                          Register  Size
------------------------------------------------------------------------------------------------
_lcd_x                                                                            R5           1
_lcd_y                                                                            R4           1
_lcd_maxx                                                                         R7           1

FLASH Allocation [words]
Function                                                                          Address   Size
------------------------------------------------------------------------------------------------
main                                                                              0x00071     63
write_eeprom                                                                      0x000B0     18
put_buff_G100                                                                     0x000D8     64
_print_G100                                                                       0x00118    308
sprintf                                                                           0x0024C     52
_lcd_write_nibble_G101                                                            0x00280     20
_lcd_write_data                                                                   0x00294     12
lcd_gotoxy                                                                        0x002A0     13
lcd_clear                                                                         0x002AD     12
lcd_putchar                                                                       0x002B9     21
lcd_puts                                                                          0x002CE     17
lcd_init                                                                          0x002DF     46
strlen                                                                            0x0030D     12
strlenf                                                                           0x00319     13
